@@@@@@@@@@@@@@@@@@@@@@@@@@@@@@@@@@@@@@@@@@@@@@@@@\\@@@@@@@@@@@@@@@@@@@@@@@@@@@@@@@@@@@@@@@@@@@@@@@@@
@@@@@@@@@@@@@@@@@@@@@@@@@@@@@@@@@@@@@@@@@@@@@@@@@\\@@@@@@@@@@@@@@@@@@@@@@@@@@@@@@@@@@@@@@@@@@@@@@@@@
@@ct,,/,@ct,@,/,,tc@ @b,b,b,b,b,b,b,b@@,,,,P,,,@@++@@,,,,,,,@@b,b,b,b,b,b,b,b@ +++++++++++++++++++@@
@@@@@@@,@,,,@,@@@@@@ @b,b,b,b,b,b,b,b@@,,,,,,,,@@++@@,,,,,,,@@b,b,b,b,b,b,b,b@ +cccccccccccc     ,@@
@@ct,,/,@,,,@,/,,tc@ @b,b,b,b,b,b,b,b@@,,,,,,,,@@++@@,,,,,,,@@b,b,b,b,b,b,b,b@ +cccccccccccc   ,,,@@
@@,,,,@,@@@/@,@,,,,@ @b,b,b,b,b,b,b,b@@,,,,,,,,@@\\@@,,,,,,,@@b,b,b,b,b,b,b,b@ +cccccccccccc  ,,,,@@
@@@@@@@,@ct,/,@@@@@@ @b,b,b,b,b,b,b,b@@@@@@/@@@@@\\@@@@@@@@@@@b,b,b,b,b,b,b,b@ +cccccccccccc  ,,,,@@
@@ct,,/,@,,,@,/,,tc@ @,,,,,,,,,,,,,,,/++++++    %++%         /,,,,,,,,,,,,,,,@ +cccccccccccc  ,,,,@@
@@,,,,@,@@@@@,@,,,,@ @@@@@@@@@@@@@@@@@     +    %++%         @@@@@@@@@@@@@@@@@ +cccccccccccc  ,,,,@@
@@@@@@@,@ct,/,@@@@@@                       +    %++%                           +cccccccccccc  ,,,,@@
@@ct,,/,@,,,@,/,,tc@   %%%%%%%%%%%%%%%%%%%%+%%%%%++%%%%%%%%%%%%%%%%%%%%%%%%%%% +cccccccccccc  ,,,,@@
@@,,,,@,@@@@@,@,,,,@ +++++++++++++++++++++++++++++++++++++++++++++++++++++++++++cccccccccccc   ,,,@@
@@@@@@@/@ccc@/@@@@@@ +++++++++++++++++++++++++++++++++++++++++++++++++++++++++ +cccccccccccc     ,@@
@@,,,,,,,,,,,,,,,,,/+++%%%%%%%%%%%%%%%%%%%%%%%%%%++%%%%%%%%%%%%%%%%%%%%%%%%%++ +++++++++++++++++++@@
@@/@@@@@@@@@@@@@@@/@ ++                         %++%                        ++                    @@
@@,ccccccc@ccccccc,@ ++ @@@@@@@@@@@@@ @@@@@@@@@@@//@@@@@@@@@@@ @@@@@@@@@@@@ ++ @@@@@@@@@@@@@@@@@@@@@
@@,ttttttt@ttttttt,@ ++ @m,m,,,m,m,m@ @b,,/,@,c,,,,,,ct@,/,,b@ @,,,,,,,,,,@ ++ @+/,,,,,,@,,,,,,,@+@@
@@,ccccccc@ccccccc,@ ++ @m,m,,,m,m,m@ @@@@@,@ctc,c,,,,c@,@@@@@ @,,,,,,,,,,@ ++ @+@b,b,b,@b,b,b,b@+@@
@@,ttttttt@ttttttt,@ ++ @m,m,,,m,m,m@ @b,,/,@,c,ctc,,c,@,/,,b@ @,,,,,,,,,,@ ++ @+@b,b,b,@b,b,b,b@+@@
@@,ccccccc@ccccccc,@ +++/,,,,,,,,,,,@ @@@@@,@,,,,c,,ctc@,@@@@@ @,,,,,,,,,,/+++ @+@b,b,b,@b,b,b,b@+@@
@@,ttttttt@ttttttt,@ ++ @m,m,m,m,m,m@ @b,,/,@,,,,,,,,c,@,/,,b@ @,,,,,,,,,,@ ++ @+@b,b,b,@b,b,b,b@+@@
@@,,,,,,,,@,,,,,,,,@ ++ @m,m,m,m,m,m@ @@@@@,@@@@@/@@@@@@,@@@@@ @,,,,,,,,,,@ ++ @+@b,b,b,@b,b,b,b@+@@
@@@@@@@@@@@@@@@@@@@@ ++ @@@@@@@@@@@@@ @b,,/,,,,,,,,,,,,,,/,,b@ @@@@@@@@@@@@ ++ @+@b,b,b,@b,b,b,b@+@@
@@                   ++               @@@@@@@@@@@,,@@@@@@@@@@@              ++ @+@@@@@@@@@@@@@@@@+@@
@@@@@@@@@@@@@@@@@@@@ ++ @@@@@@@@@@@@@ @b@b@b@b@b@,,@b@b@b@b@b@ @@@@@@@@@@@@ ++ @+@t,t,t,,I,t,t,t@+@@
@@,,,,c,,,@,,,c,,,,@ ++ @m,m,,,m,m,m@ @,@,@,@,@,@,,@,@,@,@,@,@ @,,,,,,,,,,@ ++ @+@c,c,c,,,,c,c,c@+@@
@@,,,,t,cc@cc,t,,,,@ ++ @m,m,,,m,m,m@ @,@,@,@,@,@,,@,@,@,@,@,@ @,mm,,,,,,,@ ++ @+@,,,,,,,,,,,,,,@+@@
@@,,,,,,cc@cc,,,,,,@ ++ @m,m,,,m,m,m@ @/@/@/@/@/@,,@/@/@/@/@/@ @,mm,,mm,,,@ ++ @+@c,c,,c,c,c,c,c@+@@
@@,t,t,,cc@cc,,t,t,@ ++ @m,m,,,m,m,m@ @,,,,,,,,,,,,,,,,,,,,,,@ @,mm,,mm,,,@ ++ @+@t,t,,t,t,t,t,t@+@@
@@,c,c,,cc@cc,,c,c,@ +++/,,,,,,,,,,,@ @@/@/@/@/@/@/@/@/@/@/@/@ @,mm,,mm,,,/+++ @+@@@@@/@@@@@/@@@@+@@
@@,,,,,,,,@,,,,,,,,@ ++ @m,m,m,m,m,m@ @b,@,@,@,@,@,@,@,@,@,@,@ @,mm,,mm,,,@ ++ @++++++++++++++++++@@
@@cccc,ccc@ccc,cccc@ ++ @m,m,m,m,m,m@ @c,@,@,@,@,@,@,@,@,@,@,@ @,mm,,mm,,,@ ++ @@@@@@@+ %   +@@@@@@@
@@cccc,ccc@ccc,cccc@ ++ @m,m,m,m,m,m@ @tb@b@b@b@b@b@b@b@b@b@b@ @,,,,,,,,,,@ ++ @,,,,,@+   % +@,,,,@@
@@cccc,ccc@ccc,cccc@ ++ @@@@@@@@@@@@@ @@@@@@@@@@@@@@@@@@@@@@@@ @@@@@@@@@@@@ ++ @ccccc@+     +@cccc@@
@@@@@@/@@@@@@@/@@@@@ ++                                                     ++ @ccccc/+ %   +/cccc@@
@@ct,@,,,,,,,,,,,,,@ ++ @@@@@@@@@@@@@ @@@@@@@ @@@@@@@@ @@@@@@@ @@@@@@@@@@@@ ++ @ccccc@+     +@cccc@@
@@,,,/,cccccccccccc@ ++ @ct,,/,/,,tc@ @,m,m,@ @mm,,mm@ @,m,m,@ @mmmm,mmmmm@ ++ @ccccc@+ ~~~ +@cccc@@
@@@@@@,@@@@@@@@@@@@@ ++ @@@@@@,@@@@@@ @,m,m,@ @,,,,,,@ @,m,m,@ @m,,,,,,,,m@ ++ @@@@@@@+ ~~~ +@@@@@@@
@@ct,@,/,,,,,,,,,,,/+++ @ct,,/,/,,tc@ @,m,m,@ @mmm,mm@ @,m,m,@ @m,m,m,m,,m@ ++ @,,,,,@+ ~~~ +@,,,,@@
@@,,,/,@/@@/@@/@@/@@ ++ @@@@@@,@@@@@@ @,m,m,@ @,,,,,,@ @,m,m,@ @m,m,m,m,,,/+++ @ccccc@+%    +@cccc@@
@@@@@@,@,,@,,@,,@,,@ ++ @ct,,/,/,,tc@ @,m,m,@ @mmm,mm@ @,m,m,@ @m,m,m,m,,m@ ++ @ccccc/+   % +/cccc@@
@@ct,@,@,,@,,@,,@,,@ ++ @@@@@@,@@@@@@ @,,,,,@ @,,,,,,@ @,,,,,@ @m,,,,,,,,m@ ++ @ccccc@+ %   +@cccc@@
@@,,,/,@t,@t,@t,@t,@ ++ @ct,,/,/,,tc@ @@@/@@@ @@@@/@@@ @@@/@@@ @mmmmmmmmmm@ ++ @ccccc@+     +@cccc@@
@@@@@@,@c,@c,@c,@c,@ ++ @@@@@@/@@@@@@    +        +       +    @@@@@@@@@@@@ ++ @@@@@@@+   % +@@@@@@@
@@ct,@,@@@@@@@@@@@@@ +++/,,,,,,/,,tc@    ++++++++++++++++++                 ++ @,,,,,@+++++++@,,,,@@
@@,,,@,cccccccccccc@ ++ @@@@@@/@@@@@@            ++            @@@@@@@@@@@@ ++ @ccccc@+@@@@@+@cccc@@
@@,,,/,,,,,,,,,,,,,@ ++ @ct,,/,/,,tc@ @@@@@@@ ++++++++ @@@@@@@ @,c,,,c,,,,@ ++ @ccccc/+@,K,@+/cccc@@
@@@@@@/@@@@@@@/@@@@@ ++ @@@@@@@@@@@@@ @,,,,,@ ++++++++ @,,,,,@ @ctc,ctc,,,@ ++ @ccccc@+@,,,@+@cccc@@
@@cccc,ccc@ccc,cccc@ ++               @mmm,,@ ++++++++ @,,mmm@ @,c,c,c,c,,@ ++ @ccccc@+@@/@@+@cccc@@
@@cccc,ccc@ccc,cccc@ ++ @@@@@@@@@@@@@ @,,,,,@ +++~~+++ @,,,,,@ @,,ctc,ctc,/+++ @@@@@@@+++++++@@@@@@@
@@cccc,ccc@ccc,cccc@ ++ @,,,,,,,,,,,@ @mmm,,@ +++~~+++ @,,mmm@ @,c,c,c,c,c@ ++ @         +        @@
@@,,,,,,,,@,,,,,,,,@ ++ @,,,,,,,,,,,@ @,,,,,/++++~~++++/,,,,,@ @ctc,ctc,ct@ ++ @        @/@       @@
@@,c,c,,cc@cc,,c,c,@ ++ @,,,,,,,,,,,@ @mmm,,@ ++++++++ @,,mmm@ @,c,c,c,c,c@ ++ @        @+@       @@
@@,t,t,,cc@cc,,t,t,@ ++ @,,,,,,,,,,,@ @,,,,,@ ++++++++ @,,,,,@ @,,ctc,ctc,@ ++ @        @+@       @@
@@,,,,,,cc@cc,,,,,,@ ++ @@@@@@/@@@@@@ @@@@@@@ ++++++++ @@@@@@@ @@@@@@@@@@@@ ++ @@@@@@@@@@+@@@@@@@@@@
@@,,,,t,cc@cc,t,,,,@ ++       +                  ++                         ++           +        @@
@@,,,,c,,,@,,,c,,,,@ ++++++++++++++++++++++++++++++++++++++++++++++++++++++++++++++++++++++++++++ @@
@@@@@@@@@@@@@@@@@@@@ ++++++++++++++++++++++++++++++++++++++++++++++++++++++++++++++++++++++++++++ @@
@@              ++++++              ++      +              +                                    + @@
@@ @@@@@@@@@@@@ + @@@@@@@@@@@@ @@@@@//@@@@@ + @@@@@@@@@@@@ + @@@@ @@@@ @@@@ @@@@ @@@@ @@@@ @@@@ + @@
@@ @,b@,b@c,,c@ + @ctc,@b,@b,@ @,O,,,,,,,,@ + @ctc,@b,@b,@ + @b,@ @b,@ @b,@ @b,@ @b,@ @b,@ @b,@ + @@
@@ @,,@,,@,,,,/++ @,c,,@,,@,,@ @,,,,,,,,,,@ + @,c,,@,,@,,@ + @c,@ @c,@ @c,@ @c,@ @c,@ @c,@ @c,@ + @@
@@ @/@@/@@c,,c@ + @@@@/@@/@@/@ @,,,,,,,,,,@ + @@@@/@@/@@/@ + @t,@ @t,@ @t,@ @t,@ @t,@ @t,@ @t,@ + @@
@@ @,,,,,/,,,,@ + @,,,,/,,,,,@ @,,,,,,,,,,@ + @,,,,/,,,,,@ + @@/@ @@/@ @@/@ @@/@ @@/@ @@/@ @@/@ + @@
@@ @/@@/@@/@@@@ + @c,,c@@/@@/@ @,,,,,,,,,,@ + @c,,c@@/@@/@ +   +    +    +    +    +    +    +  + @@
@@ @,,@,,@,,c,@ ++/,,,,@,,@,,@ @,,,,,,,,,,@ ++/,,,,@,,@,,@ ++++++++++++++++++++++++++++++++++++++ @@
@@ @,b@,b@,ctc@ + @c,,c@b,@b,@ @,,,,,,,,,,@ + @c,,c@b,@b,@ +   +    +    +    +    +    +    +  + @@
@@ @@@@@@@@@@@@ + @@@@@@@@@@@@ @@@@@@@@@@@@ + @@@@@@@@@@@@ + @@/@ @@/@ @@/@ @@/@ @@/@ @@/@ @@/@ + @@
@@              +                           +              + @t,@ @t,@ @t,@ @t,@ @t,@ @t,@ @t,@ + @@
@@ @@@@@@@@@@@@ + @@@@@@@@@@@@ @@@@@@@@@@@@ + @@@@@@@@@@@@ + @c,@ @c,@ @c,@ @c,@ @c,@ @c,@ @c,@ + @@
@@ @,b@,b@c,,c@ + @ctc,@b,@b,@ @,b@,b@c,,c@ + @ctc,@b,@b,@ + @b,@ @b,@ @b,@ @b,@ @b,@ @b,@ @b,@ + @@
@@ @,,@,,@,,,,/++ @,c,,@,,@,,@ @,,@,,@,,,,/++ @,c,,@,,@,,@ + @@@@ @@@@ @@@@ @@@@ @@@@ @@@@ @@@@ + @@
@@ @/@@/@@c,,c@ + @@@@/@@/@@/@ @/@@/@@c,,c@ + @@@@/@@/@@/@ +                                    + @@
@@ @,,,,,/,,,,@ + @,,,,/,,,,,@ @,,,,,/,,,,@ + @,,,,/,,,,,@ + @@@@ @@@@ @@@@ @@@@ @@@@ @@@@ @@@@ + @@
@@ @/@@/@@/@@@@ + @c,,c@@/@@/@ @/@@/@@/@@@@ + @c,,c@@/@@/@ + @b,@ @b,@ @b,@ @b,@ @b,@ @b,@ @b,@ + @@
@@ @,,@,,@,,c,@ ++/,,,,@,,@,,@ @,,@,,@,,c,@ ++/,,,,@,,@,,@ + @c,@ @c,@ @c,@ @c,@ @c,@ @c,@ @c,@ + @@
@@ @,b@,b@,ctc@ + @c,,c@b,@b,@ @,b@,b@,ctc@ + @c,,c@b,@b,@ + @t,@ @t,@ @t,@ @t,@ @t,@ @t,@ @t,@ + @@
@@ @@@@@@@@@@@@ + @@@@@@@@@@@@ @@@@@@@@@@@@ + @@@@@@@@@@@@ + @@/@ @@/@ @@/@ @@/@ @@/@ @@/@ @@/@ + @@
@@              +                           +              +   +    +    +    +    +    +    +  + @@
@@ @@@@@@@@@@@@ + @@@@@@@@@@@@ @@@@@@@@@@@@ + @@@@@@@@@@@@ ++++++++++++++++++++++++++++++++++++++ @@
@@ @,b@,b@c,,c@ + @ctc,@b,@b,@ @,b@,b@c,,c@ + @ctc,@b,@b,@ +   +    +    +    +    +    +    +  + @@
@@ @,,@,,@,,,,/++ @,c,,@,,@,,@ @,,@,,@,,,,/++ @,c,,@,,@,,@ + @@/@ @@/@ @@/@ @@/@ @@/@ @@/@ @@/@ + @@
@@ @/@@/@@c,,c@ + @@@@/@@/@@/@ @/@@/@@c,,c@ + @@@@/@@/@@/@ + @t,@ @t,@ @t,@ @t,@ @t,@ @t,@ @t,@ + @@
@@ @,,,,,/,,,,@ + @,,,,/,,,,,@ @,,,,,/,,,,@ + @,,,,/,,,,,@ + @c,@ @c,@ @c,@ @c,@ @c,@ @c,@ @c,@ + @@
@@ @/@@@@@/@@@@ + @c,,c@@/@@/@ @/@@/@@/@@@@ + @c,,c@@/@@/@ + @b,@ @b,@ @b,@ @b,@ @b,@ @b,@ @b,@ + @@
@@ @,,@,,@,,c,@ ++/,,,,@,,@,,@ @,,@,,@,,c,@ ++/,,,,@,,@,,@ + @@@@ @@@@ @@@@ @@@@ @@@@ @@@@ @@@@ + @@
@@ @,b@,b@,ctc@ + @c,,c@b,@b,@ @,b@,b@,ctc@ + @c,,c@b,@b,@ +                                    + @@
@@ @@@@@@@@@@@@ + @@@@@@@@@@@@ @@@@@@@@@@@@ + @@@@@@@@@@@@ ++++++++++++++++++++++++++++++++++++++ @@
@@              +                           +                  +    +    +    +    +    +    +    @@
@@ @@@@@@@@@@@@ + @@@@@@@@@@@@ @@@@@@@@@@@@ + @@@@@@@@@@@@   @@/@ @@/@ @@/@ @@/@ @@/@ @@/@ @@/@   @@
@@ @,b@,b@c,,c@ + @ctc,@b,@b,@ @,b@,b@c,,c@ + @ctc,@b,@b,@   @t,@ @t,@ @t,@ @t,@ @t,@ @t,@ @t,@   @@
@@ @,,@,,@,,,,/++ @,c,,@,,@,,@ @,,@,,@,,,,/++ @,c,,@,,@,,@   @c,@ @c,@ @c,@ @c,@ @c,@ @c,@ @c,@   @@
@@ @/@@/@@c,,c@   @@@@/@@/@@/@ @/@@/@@c,,c@ + @@@@/@@/@@/@   @b,@ @b,@ @b,@ @b,@ @b,@ @b,@ @b,@   @@
@@ @,,,,,/,,,,@   @,,,,/,,,,,@ @,,,,,/,,,,@ + @,,,,/,,,,,@   @@@@ @@@@ @@@@ @@@@ @@@@ @@@@ @@@@   @@
@@ @/@@/@@/@@@@   @c,,c@@/@@/@ @/@@/@@/@@@@ + @c,,c@@/@@/@                                        @@
@@ @,,@,,@,,c,@   /,,,,@,,@,,@ @,,@,,@,,c,@ ++/,,,,@,,@,,@                                        @@
@@ @,b@,b@,ctc@   @c,,c@b,@b,@ @,b@,b@,ctc@ + @c,,c@b,@b,@                                        @@
@@ @@@@@@@@@@@@   @@@@@@@@@@@@ @@@@@@@@@@@@ + @@@@@@@@@@@@                                        @@
@@@@@@@@@@@@@@@@@@@@@@@@@@@@@@@@@@@@@@@@@@@@@@@@@@@@@@@@@@@@@@@@@@@@@@@@@@@@@@@@@@@@@@@@@@@@@@@@@@@@
@@@@@@@@@@@@@@@@@@@@@@@@@@@@@@@@@@@@@@@@@@@@@@@@@@@@@@@@@@@@@@@@@@@@@@@@@@@@@@@@@@@@@@@@@@@@@@@@@@@@
