@@@@@@                                                                                        @@@@@@
@@@@@@                                                                                        @@@@@@
@@  @@                                                                                        @@  @@
@@  @@                                                                                        @@  @@
@@@@@@@@@@@@@@@@@@@@@@@@@@@@@@@@@@@@@@@@@@@@@@@@@@@@@@@@@@@@@@@@@@@@@@@@@@@@@@@@@@@@@@@@@@@@@@@@@@@@
@@@@@@@@@@@@@@@@@@@@@@@@@@@@@@@@@@@@@@@@@@@@@@@@@@@@@@@@@@@@@@@@@@@@@@@@@@@@@@@@@@@@@@@@@@@@@@@@@@@@
  ~~@@         % % % % % % % % % % % % % % % % @      @cccc,@cccc,@cccc,@cccc,@cccc,@b,b,b,b,b@@   .
  ~~@@      %+++++++++++++++++++++++++++++++++ @      @cccc,@cccc,@cccc,@cccc,@cccc,@b,b,b,b,b@@   .
  ~~@@       +                  ++ % % % % %++%@      @cccc,@cccc,@cccc,@cccc,@cccc,@b,b,b,b,b@@   .
  ~~@@ @@@@@%+%@@@@@@@ @@@@@@@@%++%@@@@@@@@ ++ @      @cccc,@cccc,@cccc,@cccc,@cccc,@b,b,b,b,b@@   .
  ~~@@ @,,,@ + @m,D,m@ @mmmB,m@ ++ @,,,,,,@%++%@      @@@/@@@@@/@@@@@/@@@@@/@@@@@/@@@b,b,b,b,b@@   .
  ~~@@ @,,,@%+%@m,,,m@ @,,,,,m@%++%@,,,,,,@ ++ @     +++++++++++++++++++++++++++++++/,,,,,,,,b@@   .
  ~~@@ @,,,/+++/,,m,m@ @,m,m,,/++++/,,,,,,@%++%@     +@@@@                    @@@@@@@b,b,b,b,b@@   .
  ~~@@ @,,,@%+%@m,m,m@ @,m,m,m@%++%@,,,,,,@ ++ @@@@@ +@,,@ %    %  %      %   @tcIct@b,b,b,b,b@@   .
  ~~@@ @,,,@ + @m,m,m@ @,m,m,m@ ++ @,,,,,,@%+++++++/++/,K@             %      @tc ct@@@@@@@@@@@@   .
  ~~@@ @@@@@%+%@@@@@@@ @@@@@@@@%++%@@@@@@@@ ++ @@@@@ +@,,@   %   %   %      % @tc ct@b,b,b,b,b@@   .
  ~~@@       +                  ++         %++%@     +@@@@                    @@@/@@@b,b,b,b,b@@   .
  ~~@@ @@@@@%+%@@@@@@@ @@@@@@@@%++%@@@@@@@@ ++ @     +++++++++++++++++++++++++++++++/,,,,,,,,b@@   .
  ~~@@ @mEm@ + @mmFmm@ @,,,,,,@ ++ @,,,O,,@%++%@      @@@/@@@@@/@@@@@/@@@@@/@@@@@/@@@b,b,b,b,b@@   .
  ~~@@ @m,m@%+%@m,,,,@ @,,,,,,@%++%@,,,,,,@ ++ @      @cccc,@cccc,@cccc,@cccc,@cccc,@b,b,b,b,b@@   .
  ~~@@ @m,,/+++/,,mmm@ @,,,,,,/++++/,,,,,,@%++%@      @cccc,@cccc,@cccc,@cccc,@cccc,@b,b,b,b,b@@   .
  ~~@@ @m,m@%+%@m,,,,@ @,,,,,,@%++%@,,,,,,@ ++ @      @cccc,@cccc,@cccc,@cccc,@cccc,@b,b,b,b,b@@   .
  ~~@@ @m,m@ + @mmmmm@ @,,,,,,@ ++ @,,,,,,@%++%@@@@@@@@@@@@@@@@@@@@@@@@@@@@@@@@@@@@@@@@@@@@@@@@@   .
  ~~@@ @@@@@%+%@@@@@@@ @@@@@@@@%++%@@@@@@@@ ++                                                @@   .
  ~~@@       +                  ++         %++%@@@@@@@@@@@@@@@@@@@@@@@@ @@@@@@@@@@@@@@@@@@@@@ @@   .
  ~~@@ @@@@@%+%@@@@@@@ @@@@@@@@%++%@@@@@@@@ ++ @,,,,,,,,,,,,/,,,,ct,,,@ @,,,,,,,,,@,,,,,,,,,@ @@   .
  ~~@@ @,,,@ + @mmHmm@ @m,mC,,@ ++ @Nm,m,m@%++%@,@@/@/@@,@c,@ccc,,,,tc@ @,ccccccc,@,ccccccc,@ @@   .
  ~~@@ @,,,@%+%@m,,,m@ @m,m,m,@%++%@,m,m,m@ ++ @,@t,@,t@,@c,@ccc,ct,,,@ @,ttttttt,@,ttttttt,@ @@   .
  ~~@@ @,,,/+++/,,m,m@ @m,m,m,/++++/,m,m,m@%++%@,@c,@,c@,@c,@ccc,,,,,,@ @,ccccccc,@,ccccccc,@ @@   .
  ~~@@ @,,,@%+%@m,,,m@ @m,m,m,@%++%@,m,m,m@ ++ @,@@@@@@@,@c,@ccc,cccc,@ @,ttttttt,@,ttttttt,@ @@   .
  ~~@@ @,,,@ + @mmmmm@ @m,,,m,@ ++ @,,,,,,@%++%@,@c,@,c@,@c,/,,,,cccc,@ @,ccccccc,@,ccccccc,@ @@   .
  ~~@@ @@@@@%+%@@@@@@@ @@@@@@@@%++%@@@@@@@@ ++ @,@t,@,t@,@c,@@@@@@@@@@@ @,ttttttt,@,ttttttt,@ @@   .
  ~~@@       +                  ++         %++%@,@@/@/@@,@c,/,,,,cccc,@ @,,,,,,,,,@,,,,,,,,,@ @@   .
  ~~@@ @@@@@%+%@@@@@@@ @@@@@@@@%++%@@@@@@@@ ++ @,,,,,,,,,@c,@ccc,cccc,@ @,,,c,c,,,@,,,c,c,,,@ @@   .
  ~~@@ @mGm@ + @,,,,,@ @,P,,,,@ ++ @,,,,,,@%++%@,@@@@@@@@@c,@ccc,,,,,,@ @/@@@@@@@/@/@@@@@@@/@ @@   .
  ~~@@ @m,m@%+%@,,,,,@ @,,,,,,@%++%@,,,,,,@ ++ @,@ct,@,tc@c,@ccc,ct,,,@ @,,,,,,,,,,,,,,,,,,,@ @@   .
  ~~@@ @m,,/+++/,,,,,@ @,,,,,,/++++/,,,,,,@%++%@,@,,,@,,,@c,@ccc,,,,tc@ @,@@@@@@@@@@@@@@@@@,@ @@   .
  ~~@@ @m,m@% %@,,,,,@ @,,,,,,@%++%@,,,,,,@ ++ @,@@@/@/@@@c,/,,,,ct,,,@ @,/,,,tc@,/,@ct,,,/,@ @@   .
  ~~@@ @m,m@   @,,,,,@ @,,,,,,@ ++ @,,,,,,@%++%@,@,,,,,,,/,,@@@@@@@@@@@ @,@,,,,,@,tc@,,,,,@,@ @@   .
  ~~@@ @@@@@   @@@@@@@ @@@@@@@@%++%@@@@@@@@ ++ @,@@@/@/@@@c,/,,,,cccc,@ @,@@@@@@@/@@@@@@@@@,@ @@   .
  ~~@@                          ++         %++%@,@,,,@,,,@c,@ccc,cccc,@ @,/,,,tc@,,,@ct,,,/,@ @@   .
  ~~@@                 @@@@@@@@%++%@@@@@@@@ ++ @,@t,,@,,t@c,@ccc,,,,,,@ @,@,,,,,@,t,@,,,,,@,@ @@   .
  ~~@@                 @mmmMmm@ ++ @,,,,,,@%++%@,@c,,@,,c@c,@ccc,ct,,,@ @,@@@@@@@,c,@@@@@@@,@ @@   .
  ~@@@@@@       @@@@@@ @,,,,,,@%++%@,,,,,,@ ++ @,@@@@@@@@@c,@ccc,,,,tc@ @,/,,,tc@@@@@ct,,,/,@ @@   .
  ~@@@@@@@@@@@@@@@@@@@ @mmmmm,/++++/,,,,,,@%++%@,@,,,,,,,@c,@ccc,ct,,,@ @,@,,,,,@,c,@,,,,,@,@ @@   .
  ~@@  @@@@@@@@@@@  @@ @,,,,,,@ ++ @,,,,,,@ ++ @,@,,,,,,,@c,@ccc,,,,,,@ @,@@@@@@@,t,@@@@@@@,@ @@   .
  ~@@  @@+++++++@@  @@ @mmmmmm@%++%@,,,,,,@%++%@,/,,,,,,,@c,/,,,,,,,,,@ @,,,,,,,/,,,/,,,,,,,@ @@   .
  ~@@@@@@+++++++@@@@@@ @@@@@@@@ ++ @@@@@@@@ ++ @@@@@//@@@@@@@@@@@@@@@@@ @@@@@@@@@@/@@@@@@@@@@ @@   .
  ~@@@@@@+++++++@@@@@@ % % % % %++% % % % % ++% % % ++% % % % % % % % % % % % % % + % % %     @@   .
 ,,,+++\\+++++++\\++\\++++++++++++++++++++++++++++++++++++++++++++++++++++++++++++++++++      @@   .
 ,,,+++\\+++++++\\++\\++++++++++++++++++++++++++++++++++++++++++++++++++++++++++++++++++%     @@   .
  ~@@@@@@+++++++@@@@@@ % % % % %++% % % % % % % % % % % % % % % % % % % % % % % % % % ++      @@   .
  ~@@@@@@+++++++@@@@@@ @@@@@@@@ ++ @@@@@@                                   @@@@@@   %++%     @@   .
  ~@@  @@+++++++@@  @@ @,c,J,c@%++%@@@@@@                                   @@@@@@@@@@//@@@@@@@@   .
  ~@@  @@@@@@@@@@@  @@ @ctc,ct@ ++ @@  @@@@@@@@@@@@@@@@@@@@@@@@@@@@@@@@@@@@@@@  @@            @@   .
  ~@@@@@@@@@@@@@@@@@@@ @,c,c,c@%++%@@  @@@@@@@@@@@@@@@@@@@@@@@@@@@@@@@@@@@@@@@  @@ cccccccc   @@   .
  ~@@@@@@       @@@@@@ @,,ctc,/+++ @@@@@@                                   @@@@@@ cccccccc   @@   .
  ~~@@                 @,c,c,c@%++%@@@@@@                                   @@@@@@ cccccccc   @@   .
  ~~@@                 @ctc,ct@ ++   @@ @@@ @@@ @@@ @@@ @@@ @@@ @@@ @@@ @@@   @@   cccccccc   @@   .
  ~~@@                 @,,,,,c@%++%  @@ @,@ @,@ @,@ @,@ @,@ @,@ @,@ @,@ @,@   @@ cccccccccccc @@   .
  ~~@@ @@@@@@@@@@@@@@@@@/@@@@@@ ++   @@ @,@ @,@ @,@ @,@ @,@ @,@ @,@ @,@ @,@   @@ cccccccccccc @@   .
  ~~@@ @b@b@b@b@b@b@b@b@,@b@,b@%++%  @@ @,@ @,@ @,@ @,@ @,@ @,@ @,@ @,@ @,@   @@ cccccccccccc @@   .
  ~~@@ @,@,@,@,@,@,@,@,@,@,@,c@ ++   @@ @,@ @,@ @,@ @,@ @,@ @,@ @,@ @,@ @,@   @@ cccccccccccc @@   .
  ~~@@ @,@,@,@,@,@,@,@,@,@,@,t@%++%  @@ @/@ @/@ @/@ @/@ @/@ @/@ @/@ @/@ @/@   @@ cccccccccccc @@   .
  ~~@@ @/@/@/@/@/@/@/@/@,@/@/@@ ++   @@  +   +   +   +   +   +   +   +   +    @@              @@   .
  ~~@@ @,,,,,,,,,,,,,,,,,,,,,,@%++%  @@  +++++++++++++++++++++++++++++++++    @@    ,,,,,     @@   .
  ~~@@ @/@/@/@/@/@/@/@/@/@/@/@@ ++   @@            ++    +   +   +   +      @@@@@@ ,,,,,,, @@@@@@  .
  ~~@@ @,@,@,@,@,@,@,@,@,@,@,c@%++%  @@           ++    s|s~s|s~s|s~s|      @@@@@@ ,,,,,,, @@@@@@  .
  ~~@@ @,@,@,@,@,@,@,@,@,@,@,t@ ++   @@          ++  ~~~s|s~s|s~s|s~s|s~    @@  @@@@@@@@@@@@@  @@  .
  ~~@@ @b@b@b@b@b@b@b@b@b@b@,b@%++%  @@          +  ~~~~s|s~s|s~s|s~s|s~~   @@  @@@@@@@@@@@@@  @@  .
  ~~@@ @@@@@@@@@@@@@@@@@@@@@@@@ ++   @@          + ~~~~~s|s~s|s~s|s~s|s~~   @@@@@@         @@@@@@  .
  ~~@@                         %++%  @@ @@@@@@@@ + ~~~~~s|s~s|s~s|s~s|s~~~  @@@@@@         @@@@@@  ~
  ~~@@ @@@@@@@@@@@@@@@@@@@@@@@@ ++   @@ @,,L,,,@ + ~~~~~~~~~~~~~~~~~~~~~~~~                       ~~
  ~~@@ @b,,/,@b,@b@b@b@b@b@b@b@%++%  @@ @,,,,,,@ + ~~~~~~~~~~~~~~~~~~~~~~~~~~~~~~~~~~~~~~~~~~~~~~~~~
  ~~@@ @@@@@,@,,@,@,@,@,@,@,@,@ ++   @@ @,,,,,,/++ ~~~~~~~~~~~~~~~~~~~~~~~~~~~~~~~~~~~~~~~~~~~~~~~~~
  ~~@@ @b,,/,@,,@,@,@,@,@,@,@,@%++%  @@ @,,,,,,@ + ~~~~~~~~~~~~~~~~~~~~~~~~~~~~~~~~~~~~~~~~~~~~~~~~~
  ~~@@ @@@@@,@@/@/@/@/@/@/@/@/@ ++   @@ @,,,,,,@ + ~~~~~~~~~~~~~~~~~~~~~~~~~~~~~~~~~~~~~~~~~~~~~~~~~
  ~~@@ @b,,/,,,,,,,,,,,,,,,,,,@%++%  @@ @@@@@@@@ + ~~~~s|s~s|s~s|s~s|s~~~~~~~~~~~~~~~~~~~~~~~~~~~~~~
  ~~@@ @@@@@,@@@@@@/@/@/@/@/@/@ ++   @@          + ~~~~s|s~s|s~s|s~s|s~~~~~~~~~~~~~~~~~~~~~~~~~~~~~~
  ~~@@ @b,,/,/,,b@,,@,@,@,@,@,@%++%  @@     ++++++ ~~~~s|s~s|s~s|s~s|s~~~~~~~~~~~~~~~~~~~~~~~~~~~~~~
  ~~@@ @@@@@,@@@@@,,@,@,@,@,@,@ ++   @@     ++++++  ~~~s|s~s|s~s|s~s|s~~~~~                       ~~
  ~~@@ @b,,/,/,,b@b,@b@b@b@b@b@%++%@@@@@@   ++   ++   ~s|s~s|s~s|s~s|s~~~~~ @@@@@@         @@@@@@  ~
  ~~@@ @@@@@,@@@@@@@@@@@@@@@@@@ ++ @@@@@@   ++    ++   ~|s~s|s~s|s~s|s~~~~  @@@@@@         @@@@@@  .
  ~~@@ @b,,/,,,,,/,J,c,,,c,,,c@%++%@@  @@   ++     ++   + ~s|s~s|s~s|s~~    @@  @@@@@@@@@@@@@  @@  .
  ~~@@ @@@@@,@@@@@,,ctc,ctc,ct@ ++ @@  @@   ++   ++++++++   +   +   +       @@  @@@@@@@@@@@@@  @@  .
  ~~@@ @b,,/,/,,b@,,,c,,,c,,,c@%++%@@@@@@   ++   +   +  +++++++++++++++++++ @@@@@@         @@@@@@  .
  ~~@@ @@@@@,@@@@@,c,,,c,,,c,,@ ++ @@@@@@   ++   +   +   +   +   +   +    + @@@@@@         @@@@@@  .
  ~~@@ @b,,/,/,,b@ctc,ctc,ctc,@%++%  @@     ++  @/@ @/@ @/@ @/@ @/@ @/@   ++++++++++++++++    @@   .
  ~~@@ @@@@@,@@@@@,c,,,c,,,c,,/++++++\\+++++++  @,@ @,@ @,@ @,@ @,@ @,@    +      +      +    @@   .
  ~~@@ @b,,/,/,,b@,,,c,,,c,,,,/++++++\\+++++++  @,@ @,@ @,@ @,@ @,@ @,@ @@@/@@@ @@/@@@ @@/@@@ @@   .
  ~~@@ @@@@@,@@@@@,,ctc,ctc,,c@% %   @@         @,@ @,@ @,@ @,@ @,@ @,@ @,,,,,@ @,,,,@ @,,,,@ @@   .
  ~~@@ @b,,/,/,,b@,,,c,,,c,,ct@      @@         @,@ @,@ @,@ @,@ @,@ @,@ @,,,,,@ @,,,,@ @,,,,@ @@   .
  ~~@@ @@@@@@@@@@@@@@@@@@@@@@@@    @@@@@@       @@@ @@@ @@@ @@@ @@@ @@@ @@@@@@@ @@@@@@ @@@@@@ @@   .
  ~~@@                             @@@@@@                                                     @@   .
@@@@@@@@@@@@@@@@@@@@@@@@@@@@@@@@@@@@@  @@@@@@@@@@@@@@@@@@@@@@@@@@@@@@@@@@@@@@@@@@@@@@@@@@@@@@@@@@@@@
@@@@@@@@@@@@@@@@@@@@@@@@@@@@@@@@@@@@@  @@@@@@@@@@@@@@@@@@@@@@@@@@@@@@@@@@@@@@@@@@@@@@@@@@@@@@@@@@@@@
@@  @@                             @@@@@@                                                     @@  @@
@@  @@                             @@@@@@                                                     @@  @@
@@@@@@                                                                                        @@@@@@
@@@@@@                                                                                        @@@@@@
