@@@@@@@@@@@@@@@@@@@@@@@@@@@@@@@@@@@@@@@@@@@@@@@@@\\@@@@@@@@@@@@@@@@@@@@@@@@@@@@@@@@@@@@@@@@@@@@@@@@@
@@@@@@@@@@@@@@@@@@@@@@@@@@@@@@@@@@@@@@@@@@@@@@@@@\\@@@@@@@@@@@@@@@@@@@@@@@@@@@@@@@@@@@@@@@@@@@@@@@@@
@@  @@   @,h,@+++@        @,,h,@++++++++++@@   @@++@@  @@                    @ cccccccccc++++/,,,,@@
@@  @@   @,,,@+++@        /,,,,@++++++++++@@   @@++@@  @@                    @ cccccccccc+@+ @,,,,@@
@@@@@@   @,,,@+++@        @,,,,@++++++++++@@@@@@@++@@@@@@                    @ cccccccccc+@+ @,,,,@@
@@@@@@   /,,,/+++@        @,,,,@++++++++++@@@@@@@++@@@@@@                    @ cccccccccc+@+ @,,,,@@
@@       @,,,@+++@@@@@@@@@@@@/@@+++++++++++++++++++++@@                      @ cccccccccc+@+ @,,,,@@
@@       @,,,@+++++++++++++++++++++++++++++++++++++++@@                      @ cccccccccc+@+ @,,,,@@
@@@@@@@@@@@@@@+++++++++++++++++++++++++++++++++++++++@@ @@@@@ @@@@ @@@@ @@@@ @           +@+ @@@@@@@
@@       @,h,@+++@@@@@@@@@@@@@@@+++++++++++++++++++++@@ @mNm@ @,,@ @,,@ @,,@ @    ,,,,   +@+      @@
@@       @,,,@+++@        @,h,,@+++++++++++++++++++++@@ @m,m@ @,,@ @,,@ @,,@ @  ,,,,,,,, +@+ @@@@@@@
@@       /,,,/+++@        @,,,,@+++++++++++++++++++++@@ @m,m@ @,,@ @,,@ @,,@ @  ,,,,,,,,++@+ @,,L,@@
@@@@@@   @,,,@+++@        /,,,,/+++++++++++++++++++++@@ @,,m@ @@/@ @@/@ @@/@ @@@@@@@@@@@@@@+ @,,,,@@
@@@@@@   @,,,@+++@        @,,,,@+++++++++++++++++++++@@ @,@@@   +    +    +                + @,,,,@@
@@  @@@@@@@@@@@@@@@@@@@@@@@@@@@@@@@@@@@@@@@@@@@@@\\@@@@ @,/++   +++++++++++++++++++++++++++++/,,,,@@
@@  @@@@@@@@@@@@@@@@@@@@@@@@@@@@@@@@@@@@@@@@@@@@@\\@@@@ @@@ +   ++++++++++++++++++++++++++++ @,,,,@@
@@@@@@                                           ++         +   ++                 +       + @,,,,@@
@@@@@@ +++++++++++++++++++++++++++++++++++++++++++++++++++++++++++ @@@@@@@@ @@@@@@@/@@@@@@ + @,,,,@@
@@     +++++++++++++++++++++++++++++++++++++++++++++++++++++++++++ @m,Nm,m@ @,,,,@,,,B,,,@ + @,,,,@@
@@     +                                         ++        +    ++ @m,,m,m@ @,,,,@,,,,,,,@ + @@@@@@@
@@ @@@@/@ @@@@@@@@@@@@@@@@@@@@@@@@@@@@@@@@@@@@@@@//@@@@ @@@/@@@ +++/,,,,,m@ @,,,,@,,,,,,,@ +      @@
@@ @m,E,@ @b@b@b@b@b@b@b@b@b@b@b@b@,c,,,c,J,c,,,c,,,c,@ @m,,Mm@ ++ @,m,m,m@ @,,,,@,,,,,,,@ + @@@@@@@
@@ @m,,,@ @,@,@,@,@,@,@,@,@,@,@,@,@ctc,ctc,ctc,ctc,ctc@ @m,m,m@ ++ @,m,m,m@ @,,,,@,,,,,,,@ + @,,,,@@
@@ @m,,m@ @,@,@,@,@,@,@,@,@,@,@,@,@,c,c,c,c,c,c,c,c,c,@ @m,m,m@ ++ @,m,m,m@ @,,,,/,,,,,,,@ + @,,,,@@
@@ @m,,m@ @,@,@,@,@,@,@,@,@,@,@,@,@c,ctc,ctc,ctc,ctc,,@ @m,m,m@ ++ @@@@@@@@ @@@@@@@@@@@@@@ + @,,,,@@
@@ @m,,m@ @/@/@/@/@/@/@/@/@/@/@/@/@tc,c,c,c,,,c,,,c,,,@ @m,m,m@ ++                         ++/,,,,@@
@@ @mmmm@ @,,,,,,,,,,,,,,,,,,,,,,,/,,,,ctc,ctc,ctc,ctc@ @m,,,m@ ++ @@@@@@@@@@@@@@@@@@@@@@@ + @,,,,@@
@@ @@@@@@ @@@@@@@@@@@@@@@@@@@@@@@@@@@@@@@@@@@@@@@@@@@@@ @@@@@@@ ++ @,@,ccccc,@c,@,cccc,/,@ + @,,,,@@
@@                                                              ++ @,@,ccccc,@t,@,cccc,@,@ + @,,,,@@
@@ @@@@@@ @@@@@@ @@@@@@ @@@@@@@@@ @@@@@@@@@@@@@@@@@@@@@@@@@@@@@ ++ @,@,ccccc,@,,@,cccc,@,@ + @@@@@@@
@@ @,,,,@ @,,,,@ @,,C,@ @m,mE/,,@ @,c@,,,/,,,/,/,,,@,,,/,/,,,,@ ++ @,@,,,,,,,@,,/,,,,,,@,@ +      @@
@@ @,,,,@ @,,,,@ @,,,,@ @m,m,@,,@ @,t@,,,@ct,@,@,,,@,,,@,@,,,,@ ++ @,@cc,,,@@@@@@,,,,,,@,@ + @@@@@@@
@@ @,,,,@ @,,,,@ @,,,,@ @m,m,@,,@ @,,@t,,@,,,@,@,,t@t,,@,@,,,,@ ++ @,@cc,,,@,c,@cc,,,,,@,@ + @,,,,@@
@@ @,,,,@ @,,,,@ @,,,,@ @m,,,@,,@ @,,@c,,@,,,@,@,,c@c,,@,@,,tc@ ++ @,@cc,t,@,t,@cc,,t,,@,@ + @,,,,@@
@@ @@@/@@ @@@/@@ @@@/@@ @@@@/@@@@ @@/@@@@@@@@@,@@@@@@@@@,@@@@@@ ++ @,@,,,c,/,,,@cc,,c,,@,@ + @,,,,@@
@@    +      +      +       +     @c,@,,,/,,,/,/,,,@,,,/,/,,,,@ ++ @,@/@@@@@@@/@@@@@@@/@,@ ++/,,,,@@
@@    +++++++++++++++++++++++++++ @t,@t,,@ct,@,@,,t@t,,@,@,,,,@ ++ @,@,tttttt@,@tttttt,@,@ + @,,,,@@
@@@@@@+++++++++++++++++++++++++++ @,,@c,,@,,,@,@,,c@c,,@,@,,tc@ ++ @,@,cccccc@,@cccccc,@,@ + @,,,,@@
@@@@@@                         ++ @@/@@@@@@@@@,@@@@@@@@@,@@@@@@ ++ @,@@@@@@@@@,@@@@@@@@@,@ + @,,,,@@
@@  @@@@@@@@@@@@@@@@@@@@@@@@@@ ++ @,,,,,,,,,,,,,,,,,,,,,,,,,,,/++++/,,,,,,,,,,,,,,,,,,,,,@ + @@@@@@@
@@  @@@@@@@@@@@@@@@@@@@@@@@@@@ ++ @@/@@@@@@@@@,@@@@@@@@@,@@@@@@ ++ @@@@@@@@@@@,@@@@@@@@@@@ +      @@
@@@@@@                  @@  @@ ++ @,,@c,,@,,,@,@,,c@c,,@,@,,tc@ ++ @,,tc@,,tc@,@ct,,@ct,,@ + @@@@@@@
@@@@@@                  @@  @@ ++ @t,@t,,@ct,@,@,,t@t,,@,@,,,,@ ++ @,,,,@,,,,@,@,,,,@,,,,@ + @,,,,@@
@@                      @@@@@@ ++ @c,@,,,/,,,/,/,,,@,,,/,/,,,,@ ++ @/@@@@/@@@@,@@@@/@@@@/@ + @,,,,@@
@@                      @@@@@@ ++ @@/@@@@@@@@@,@@@@@@@@@,@@@@@@ ++ @,,,,,,,,,,,,,,,,,,,,,@ + @,,,,@@
@@                        @@   ++ @,,@c,,@,,,@,@,,c@c,,@,@,,tc@ ++ @/@@@@/@@@@,@@@@/@@@@/@ ++/,,,,@@
@@ @@@@@@@@@@@@@@@@@@@@@  @@   ++ @,,@t,,@,,,@,@,,t@t,,@,@,,,,@ ++ @,,,,@,,,,@,@,,,,@,,,,@   @,,,,@@
@@ @bbbbbbbbbbbbbbbbbbb@  @@   ++ @t,@,,,@ct,@,@,,,@,,,@,@,,,,@ ++ @,,,,@,,,,@,@,,,,@,,,,@   @,,,,@@
@@ @,,,,,,,,,,,,,,,,,,,/+ @@   ++ @c,@,,,/,,,/,/,,,@,,,/,/,,,,@ ++ @,,tc@,,tc@,@ct,,@ct,,@   @,,,,@@
@@ @bbbbbbbbbbbbbbbbbbb@+ @@   ++ @@@@@@@@@@@@@@@@@@@@@@@@@@@@@ ++ @@@@@@@@@@@@@@@@@@@@@@@   @@@@@@@
@@ @@@@@@@@@@@@@@@@@@@@@+ @@   ++                               ++                                @@
@@                      + @@   ++ @@@@@@@@ @@@@@@@@@ @@@@@@@@@@ ++ @@@@@@@@@@ @@@@@@@@@@@@@@@@@@@ @@
@@ @@@@@@@@@@@@@@@@@@@@@+ @@   ++ @mm,Dmm@ @m,,F,,m@ @m,H,,,,,/+++ @mmmmGmmm@ @cccc,@,,,,,@tcIct@ @@
@@ @bbbbbbbbbbbbbbbbbbb@+ @@   ++ @,,,,,,@ @m,m,m,m@ @m,,,,,,,@ ++ @,,,,,,,m@ @cccc,@ccccc@tc,ct@ @@
@@ @,,,,,,,,,,,,,,,,,,,/+ @@   ++ @mm,,mm@ @m,m,m,m@ @m,m,m,m,@ ++ @,m,m,m,m@ @cccc,@ccccc@tc,ct@ @@
@@ @bbbbbbbbbbbbbbbbbbb@+ @@   ++ @,,,,,,@ @m,m,m,m@ @m,m,m,m,@ +++/,m,m,m,m@ @cccc,@ccccc@tc,ct@ @@
@@ @@@@@@@@@@@@@@@@@@@@@+ @@   ++ @mm,,mm@ @m,m,m,m@ @m,m,m,m,@ ++ @,m,m,m,m@ @@@@@/@ccccc@tc,ct@ @@
@@                      + @@   ++ @,,,,,,@ @m,m,m,m@ @m,m,m,m,@ ++ @,m,m,m,m@ @,K,/,@@@,@@@@@/@@@ @@
@@ @@@@@@@@@@@@@@@@@@@@@+ @@   ++ @mm,,mm@ @m,,,,,m@ @m,m,m,m,@ ++ @,m,m,m,m@ @,,,@,,,,,,,,,,,,,@ @@
@@ @bbbbbbbbbbbbbbbbbbb@+ @@   ++ @@@@/@@@ @@@@/@@@@ @@@@@@@@@@ ++ @@@@@@@@@@ @@/@@@@@@@@@@@@@@@@ @@
@@ @,,,,,,,,,,,,,,,,,,,/+ @@   ++     +        +                ++              +                 @@
@@ @bbbbbbbbbbbbbbbbbbb@+ @@   ++++++++++++++++++++++++++++++++++++++++++++++++++++++++++++++++++ @@
@@ @@@@@@@@@@@@@@@@@@@@@+ @@   ++++++++++++++++++++++++++++++++++++++++++++++++++++++++++++++++++ @@
@@                      + @@    +                               ++    +       +       +       +   @@
@@ @@@@@@@@@@@@@@@@@@@@@+ @@@@@@/@@@@@ @@@@@@@ @@@@@@@ @@@@@@@  ++ @@@/@@@ @@@/@@@ @@@/@@@ @@@/@@ @@
@@ @bbbbbbbbbbbbbbbbbbb@+ @@t,,@,@,,t@ @b,@,b@ @b,@,b@ @b,@,b@  ++ @,,,,,@ @,,,,,@ @,,,,,@ @,,,,@ @@
@@ @,,,,,,,,,,,,,,,,,,,/+ @@c,,/,/,,c@ @,,@,,@ @,,@,,@ @,,@,,@  ++ @,,,,,@ @,,,,,@ @,,,,,@ @,,,,@ @@
@@ @bbbbbbbbbbbbbbbbbbb@+ @@b,,@,@,,b@ @@/@/@@ @@/@/@@ @@/@/@@  ++ @,,,,,@ @,,,,,@ @,,,,,@ @,,,,@ @@
@@ @@@@@@@@@@@@@@@@@@@@@+ @@@@@@,@@@@@ @,,,,,@ @,,,,,@ @,,,,,@  ++ @@@@@@@ @@@@@@@ @@@@@@@ @@@@@@ @@
@@                      + @@t,,@,@,,t@ @c,,,c@ @c,,,c@ @c,,,c@  ++                                @@
@@ ++++++++++++++++++++++ @@c,,/,/,,c@ @@@/@@@ @@@/@@@ @@@/@@@  ++ @@@@@@@ @@@@@@@ @@@@@@@        @@
@@ ++++++++++++++++++++++ @@b,,@,@,,b@    +       +       +     ++ @,,,,,@ @,,,,,@ @,,O,,@        @@
@@ ++++++++++++++++++++++ @@@@@@,@@@@@    ++++++++++++++++++++++++ @,,,,,@ @,,,,,@ @,,,,,@        @@
@@ ++++++++++++++++++++++ @@t,,@,@,,t@    +       +       +     ++ @,,,,,@ @,,,,,@ @,,,,,@        @@
@@ ++++++++++++++++++++++ @@c,,/,/,,c@ @@@/@@@ @@@/@@@ @@@/@@@  ++ @@@@@@@ @@@/@@@ @@@/@@@        @@
@@ ++++++++++++++++++++++ @@b,,@,@,,b@ @c,,,c@ @c,,,c@ @c,,,c@  ++            +       +           @@
@@ ++++++++++++++++++++++ @@@@@@,@@@@@ @,,,,,@ @,,,,,@ @,,,,,@  ++ @@@@@@@ ++++++++++++++ @@@@@@@ @@
@@ ++++++++++++++++++++++ @@t,,@,@,,t@ @@/@/@@ @@/@/@@ @@/@/@@  ++ @,,,,,/++++++++++++++++/,,,,,@ @@
@@ ++++++++++++++++++++++ @@c,,/,/,,c@ @,,@,,@ @,,@,,@ @,,@,,@  ++ @,,,,,@ ++++++++++++++ @,,,,,@ @@
@@ ++++++++++++++++++++++ @@b,,@,@,,b@ @b,@,b@ @b,@,b@ @b,@,b@  ++ @@@@@@@ +++        +++ @@@@@@@ @@
@@ ++++++++++++++++++++++ @@@@@@,@@@@@ @@@@@@@ @@@@@@@ @@@@@@@  ++         +++ ~~~~~~ +++         @@
@@                        @@t,,@,@,,t@                          ++++++++++++++ ~~~~~~ +++ @@@@@@@ @@
@@                        @@c,,/,/,,c@ @@@@@@@ @@@@@@@ @@@@@@@  ++         +++        +++ @,,,,,@ @@
@@                        @@b,,@,@,,b@ @b,@,b@ @b,@,b@ @b,@,b@  ++ @@@@@@@ +++++++++++++++/,,,,,@ @@
@@                        @@@@@@,@@@@@ @,,@,,@ @,,@,,@ @,,@,,@  ++ @,,,,,/+++++++++++++++ @,,,,,@ @@
@@                        @@t,,@,@,,t@ @@/@/@@ @@/@/@@ @@/@/@@  ++ @,,,,,@ ++++++++++++++ @@@@@@@ @@
@@                        @@c,,/,/,,c@ @,,,,,@ @,,,,,@ @,,,,,@  ++ @@@@@@@    +       +           @@
@@                        @@b,,@,@,,b@ @c,,,c@ @c,,,c@ @c,,,c@  ++         @@@/@@@ @@@/@@@        @@
@@                        @@@@@@,@@@@@ @@@/@@@ @@@/@@@ @@@/@@@  ++         @,,,,,@ @P,,,,@        @@
@@                        @@t,,@,@,,t@    +       +       +     ++         @,,,,,@ @,,,,,@        @@
@@                        @@c,,/,/,,c@    ++++++++++++++++++++++++         @,,,,,@ @,,,,,@        @@
@@                        @@b,,@,@,,b@    +                                @@@@@@@ @@@@@@@        @@
@@                        @@@@@@/@@@@@    +                                                       @@
@@                        @@    +         +                                                       @@
@@                      @@@@@@  +++++++++++                                                       @@
@@                      @@@@@@                                                                    @@
@@                      @@  @@                                                                    @@
@@                      @@  @@                                                                    @@
@@@@@@@@@@@@@@@@@@@@@@@@@@@@@@@@@@@@@@@@@@@@@@@@@@@@@@@@@@@@@@@@@@@@@@@@@@@@@@@@@@@@@@@@@@@@@@@@@@@@
@@@@@@@@@@@@@@@@@@@@@@@@@@@@@@@@@@@@@@@@@@@@@@@@@@@@@@@@@@@@@@@@@@@@@@@@@@@@@@@@@@@@@@@@@@@@@@@@@@@@
