@@@@@@@@@@@@@@@@@@@@@@@@@@@@@@@@@@@@@@@@@@@@@@@@@\\@@@@@@@@@@@@@@@@@@@@@@@@@@@@@@@@@@@@@@@@@@@@@@@@@
@@@@@@@@@@@@@@@@@@@@@@@@@@@@@@@@@@@@@@@@@@@@@@@@@\\@@@@@@@@@@@@@@@@@@@@@@@@@@@@@@@@@@@@@@@@@@@@@@@@@
@@                                   @@,,,,,,,,@@++@@,,,,,,,@@       ++++++++++++++++++++++++++   @@
@@       @@@@@@@@@@@@@@@@@@@@@@@@@@@ @@,,,,,,,,@@++@@,,,,,,,@@       +    +    +    +    +    +   @@
@@       @,,,,,,,,,,,,,,,,,,,,,,,,,@ @@,,,,,,,,@@++@@,,,,,,,@@  %    +  @@/@ @@/@ @@/@ @@/@ @@/@  @@
@@       @b,b,b,b,b,b,b,b,b,b,b,b,,@ @@,,,,,,,,@@\\@@,,,,,,,@@       +  @c,@ @c,@ @c,@ @c,@ @c,@  @@
@@       @b,b,b,b,b,b,b,b,b,b,b,b,,@ @@@@@@@@@@@@\\@@@@@@@@@@@    %  +  @t,@ @t,@ @t,@ @t,@ @t,@  @@
@@       @b,b,b,b,b,b,b,b,b,b,b,b,,/+++++++++++++++        %   %     +  @b,@ @b,@ @b,@ @b,@ @b,@  @@
@@  @@@@ @@@@@@@@@@@@@@@@@@@@@@@@@@@      @@@@ ++++   %              +  @@@@ @@@@ @@@@ @@@@ @@@@  @@
@@  @  @                                  @  @ +++++++++++++++++++++++                            @@
@@  @@/@@@@@@@@@@@@@@@@@@@@@@@@@@@@@@@@@@@@/@@%++%                   +  @@@@ @@@@ @@@@ @@@@ @@@@  @@
@@   @,,,,,,,,,,,,,,,,,,,,,,,,,,,,,,,,,,,,,,@  ++ @@@@@@@@@@@@@@@@@@ +  @b,@ @b,@ @b,@ @b,@ @b,@  @@
@@   @,@@@@@@@@@@@@@@@@@@/@@@@@@@@@@@@@@@@@,@ %++%@,,ctc,,,,,ctc,/,@ +  @c,@ @c,@ @c,@ @c,@ @c,@  @@
@@   @,@,,,b,,,@,,,c,,, @,@,,,,c,,@,,,b,,,@,@  +++/,c,,,c,,,c,,,c@,@ +  @t,@ @t,@ @t,@ @t,@ @t,@  @@
@@   @,@,,,,,,,@,,ctc,@/@/@/@,ctc,@,,,,,,,@,@ %++%@ctc,ctc,ctc,ct@,@ +  @@/@ @@/@ @@/@ @@/@ @@/@  @@
@@   @,@,,,,,,,@,,,c,,@,,,,,@,,c,,@,,,,,,,@,@  ++ @,c,,,c,,,c,,,c@,@ +    +    +    +    +    +   @@
@@   @,@,,,,,,,@@/@@@@@/@@/@@@@@/@@,,,,,,,@,@ %++%@@@@@@@@@@@@@@@@,@ ++++++++++++++++++++++++++   @@
@@   @,@,,,,,,,,,,@,,,,,cc,,,,,@,,,,,,,,,,@,@  ++ @b,@b,@b,@b,@b,@,@ +    +    +    +    +    +   @@
@@   @,@,,,,,,,,,,@,,,,,,,,,,,,@,,,,,,,,,,@,@ %++%@,,@,,@,,@,,@,,@,@ +  @@/@ @@/@ @@/@ @@/@ @@/@  @@
@@   @,@@@@@@@@@@@@,,,,,,,,,,,,@@@@@@@@@@@@,@  ++ @@/@@/@@/@@/@@/@,@ +  @c,@ @c,@ @c,@ @c,@ @c,@  @@
@@   @,@,,,,/,,c,,@,,,,,,,,,,,,@,,c,,/,,,,@,@ %++%@,,,,,,,,,,,,,,,,@ +  @t,@ @t,@ @t,@ @t,@ @t,@  @@
@@   @,@,,,,@,ctc,@,,,,,,,,,,,,@,ctc,@,,,,@,@  ++ @@/@@/@@/@@/@@/@,@ +  @b,@ @b,@ @b,@ @b,@ @b,@  @@
@@   @,@,,,,@,ctc,@,,,,,,,,,,,,@,ctc,@,,,,@,@ %++%@,,@,,@,,@,,@,,@,@ +  @@@@ @@@@ @@@@ @@@@ @@@@  @@
@@   @,@,,,,@,ctc,@,,,,,,,,,,,,@,ctc,@,,,,@,@  ++ @b,@b,@b,@b,@b,@,@ +                            @@
@@   @,@,,,,@,ctc,@,,,,,,,,,,,,@,ctc,@,,,,@,@ %++%@@@@@@@@@@@@@@@@,@ +  @@@@ @@@@ @@@@ @@@@ @@@@  @@
@@   @,@,,,,@,ctc,@,,,,,,,,,,,,@,ctc,@,,,,@,@  ++ @b,@b,@b,@b,@b,@,@ +  @b,@ @b,@ @b,@ @b,@ @b,@  @@
@@   @,@,,,,@,ctc,@@/@@@//@@@/@@,ctc,@,,,,@,@ %++%@,,@,,@,,@,,@,,@,@ +  @c,@ @c,@ @c,@ @c,@ @c,@  @@
@@   @,@,,,,@,,c,,,,,@,,,,,,@,,,,,c,,@,,,,@,@  ++ @@/@@/@@/@@/@@/@,@ +  @t,@ @t,@ @t,@ @t,@ @t,@  @@
@@   @,@@@@@@@@@@@@@@@,,,,,,@@@@@@@@@@@@@@@,@ %++%@,,,,,,,,,,,,,,,,@ +  @@/@ @@/@ @@/@ @@/@ @@/@  @@
@@   @,@,,,,,,,,,,,,,/,,,,,,/,,,,,,,,,,,,,@,@  ++ @@@@@@@@@@@@@@@@@@ +    +    +    +    +    +   @@
@@   @,@,@@@@@@@@@@@@@,,,,,,@@@@@@@@@@@@@,@,@ %++% %      %          ++++++++++++++++++++++++++   @@
@@   @,@,@,,,,,c,,,,,@@@//@@@,,,,c,,,,,,@,@,@  ++      %       %     +    +    +    +    +    +   @@
@@   @,@,/,,,,ctc,,,,,,@,,@,,,,,ctc,,,,,/,@,@ %++%  %       %        +  @@/@ @@/@ @@/@ @@/@ @@/@  @@
@@   @,@,@,,,,,c,,,,,,b@,,@b,,,,,c,,,,,,@,@,@  ++       %        %   +  @c,@ @c,@ @c,@ @c,@ @c,@  @@
@@   @,@,@@@@@@@@@@@@@@@,,@@@@@@@@@@@@@@@,@,@ %++%@@@@@@@@@@@@@@@@@@@+  @t,@ @t,@ @t,@ @t,@ @t,@  @@
@@   @,@,@,,,,,c,,,,,,,@,,@,,,,,,c,,,,,,@,@,@  ++ @bbbb@ @b,b@ @bbbb@+  @b,@ @b,@ @b,@ @b,@ @b,@  @@
@@   @,@,/,,,,ctc,,,,,,@,,@,,,,,ctc,,,,,/,@,@ %++%@,,,,/ @b,,/ /,,,,@+  @@@@ @@@@ @@@@ @@@@ @@@@  @@
@@   @,@,@,,,,,c,,,,,,b@,,@b,,,,,c,,,,,,@,@,@  ++ @bbbb@ @b,b@ @bbbb@+                            @@
@@   @,@/@@@@@@@@@@@@@@@//@@@@@@@@@@@@@@@/@,@ %++%@@@@@@ @@@@@ @@@@@@+  @@@@ @@@@ @@@@ @@@@ @@@@  @@
@@   @,@,,,,,@##++++++++++++++++++##@,,,,,@,@  ++ @cccc@ @,tc@ @cccc@+  @b,@ @b,@ @b,@ @b,@ @b,@  @@
@@   @,@,,c,,@##+++++++~~~~+++++++##@,,c,,@,@ %++%@cccc/ /ctc/ /cccc@+  @c,@ @c,@ @c,@ @c,@ @c,@  @@
@@   @,@,ctc,@##+++++++~~~~+++++++##@,ctc,@,@  ++ @cccc@ @ctc@ @cccc@+  @t,@ @t,@ @t,@ @t,@ @t,@  @@
@@   @,@,,c,,@##+++++++~~~~+++++++##@,,c,,@,@ %++%@@@@@@ @@@@@ @@@@@@+  @@/@ @@/@ @@/@ @@/@ @@/@  @@
@@   @,@,,,,b@##++++++++++++++++++##@b,,,,@,@  ++ @cccc@ @,,,@ @cccc@+    +    +    +    +    +   @@
@@   @,@@@@@@@@@@@@@@/@//@/@@@@@@@@@@@@@@@@,@ %++%@cccc@ @,,,@ @cccc@++++++++++++++++++++++++++   @@
@@   @,@,,,,,,,,,,,,,,@++@,,,,,,,,,,,,,,,,@,@  ++ @@@/@@ @@/@@ @@@/@@+    +    +    +    +    +   @@
@@   @,@bbbbbbbbbbbbbb@++@bbbbbbbbbbbbbbbb@,@ %++%@                 @+  @@/@ @@/@ @@/@ @@/@ @@/@  @@
@@  @@/@@@@@@@@@@@@@@@@//@@@@@@@@@@@@@@@@@@/@@ ++ @  % %       %    @+  @c,@ @c,@ @c,@ @c,@ @c,@  @@
@@  @,,@              %++%                @,,@%++%@      @//@    %  @+  @t,@ @t,@ @t,@ @t,@ @t,@  @@
@@  @@@@%%%%%%%%%%%%%%%++%%%%%%%%%%%%%%%%%@@@@ ++ @      @++@       @+  @b,@ @b,@ @b,@ @b,@ @b,@  @@
@@                     ++                     %++%@@@@@@@@++@@@@@@@@@+  @@@@ @@@@ @@@@ @@@@ @@@@  @@
@@  %        %  ++++++++++++++++++++++++++++++++++++++++++++++++++++++                            @@
@@      %       ++++++++++++++++++++++++++++++++++++++++++++++++++++++  @@@@ @@@@ @@@@ @@@@ @@@@  @@
@@              +            %         %       ++          ++        +  @b,@ @b,@ @b,@ @b,@ @b,@  @@
@@ @@@@@@@@@@@@ + @@@@@ @@@@@@@@@@@@@@@@@@@@@ %++  @@@@@ ++++++ @@@@ +  @c,@ @c,@ @c,@ @c,@ @c,@  @@
@@ @,,,,,,,,,,/+++/,,h@ @ct,,@ct,,@ct,,@ct,,@  ++  @,,h@ ++++++ @,m@ +  @t,@ @t,@ @t,@ @t,@ @t,@  @@
@@ @mmmmmmmmmm@ + @,,,@ @,,,,@,,,,@,,,,@,,,,@  ++% /,,,@ +++++++/,m@ +  @@/@ @@/@ @@/@ @@/@ @@/@  @@
@@ @@@@@@@@@@@@ + @@@@@ @@@@@@@@@@@@@@@@@@@@@  ++  @,,,@ ++++++ @,m@ +    +    +    +    +    +   @@
@@              +       @,,,,,,,,,,,,,,,,,, /++++  @@@@@ ++++++ @@@@ ++++++++++++++++++++++++++   @@
@@ @@@@@@@@@@@@ + @@@@@ @@@@@@@@@@@@@@@@@@@@@  ++        ++++++      +    +    +    +    +    +   @@
@@ @,,m,m,m,m,@ + @,,h@ @,,,,@,,,,@,,,,@,,,,@  ++% @@@@@ ++++++ @@@@ +  @@/@ @@/@ @@/@ @@/@ @@/@  @@
@@ @,,m,m,m,m,/+++/,,,@ @ct,,@ct,,@ct,,@ct,,@  ++  @,,,@ ++++++ @m,@ +  @c,@ @c,@ @c,@ @c,@ @c,@  @@
@@ @,,,,,,,,,,@ + @,,,@ @@@@@@@@@@@@@@@@@@@@@  ++++/,,,@ ++~~+++/,,@ +  @t,@ @t,@ @t,@ @t,@ @t,@  @@
@@ @@@@@@@@@@@@ + @@@@@                       %++  @,,,@ ++~~++ @m,@ +  @b,@ @b,@ @b,@ @b,@ @b,@  @@
@@              +       @@@@@@@@@@@@@@@@@@@@@  ++  @@@@@ ++++++ @@@@ +  @@@@ @@@@ @@@@ @@@@ @@@@  @@
@@ @@@@@@@@@@@@ + @@@@@ @ct,/,/,tc@ct,/,/,tc@  ++        ++++++      +                            @@
@@ @,,ctc,,ctc@ + @,,h@ @,,,@,@,,,@,,,@,@,,,@  ++  @@@@@ ++++++ @@@@ +  @@@@ @@@@ @@@@ @@@@ @@@@  @@
@@ @,c,,,c,,,,@ ++/,,,@ @@@@@,@@@@@@@@@,@@@@@ %++  @,,,@ ++++++ @,,@ +  @b,@ @b,@ @b,@ @b,@ @b,@  @@
@@ @ctc,ctc,,,/++ @,,,@ @ct,/,/,tc@ct,/,/,tc@  ++++/,,,@ +++++++/,m@ +  @c,@ @c,@ @c,@ @c,@ @c,@  @@
@@ @,c,,,c,,,,@ + @@@@@ @@@@@/@@@@@@@@@/@@@@@  ++  @,,,@ ++++++ @,m@ +  @t,@ @t,@ @t,@ @t,@ @t,@  @@
@@ @,,ctc,,ctc@ +       @h,,/,,,,,,,,,,,,,,,/++++  @@@@@ ++++++ @@@@ +  @@/@ @@/@ @@/@ @@/@ @@/@  @@
@@ @@@@@@@@@@@@ + @@@@@ @@@@@/@@@@@@@@@/@@@@@  ++                    +    +    +    +    +    +   @@
@@              ++/,,,@ @ct,/,/,tc@ct,/,/,tc@  ++% @@@@@@@ @@@@ @@@@ ++++++++++++++++++++++++++   @@
@@ @@@@@@@@@@@@@@ @m,m@ @@@@@,@@@@@@@@@,@@@@@  ++  @,,,,,@ @,,@ @,,@ +    +    +    +    +    +   @@
@@ @,mmmmmmmmmmm@ @,,,@ @,,,/,/,,,@,,,/,@,,,@  ++++/,,,,,@ @m,@ @m,@ +  @@/@ @@/@ @@/@ @@/@ @@/@  @@
@@ @,,,,,,,,,,,m@ @m,m@ @ct,@,@,tc@ct,@,/,tc@  ++  @,,,,,@ @m,@ @,,@ +  @c,@ @c,@ @c,@ @c,@ @c,@  @@
@@ @@@@@@@@@@/@@@ @@/@@ @@@@@@@@@@@@@@@@@@@@@  ++  @@@@@@@ @@/@ @@/@ +  @t,@ @t,@ @t,@ @t,@ @t,@  @@
@@  %      % +      +    %             %       ++            +    +  +  @b,@ @b,@ @b,@ @b,@ @b,@  @@
@@    ~~~~   +++++++++++++++++++++++++++++++++++++++++++++++++++++++++  @@@@ @@@@ @@@@ @@@@ @@@@  @@
@@ %  ~~~~%  +++++++++++++++++++++++++++++++++++++++++++++++++++++++++                            @@
@@    %      +        +     +      %           ++                   + @@@@ @@@@ @@@@ @@@@ @@@@    @@
@@  @@@@@@@@@/@ @@@@@@/@ @@@/@@@ @@@@@@@@@@@@  ++  @@@@@@@@@@@@@@@@ + @b,@ @b,@ @b,@ @b,@ @b,@    @@
@@  @,,,,,,,,,@ @,,,,,,@ @,,,,,@ @,,ctc,ctc,@  ++++/,,,,,ctc,,,,,,@ + @c,@ @c,@ @c,@ @c,@ @c,@    @@
@@  @,,,,,,,,,@ @,,,,,,@ @,,,,,@ @,,,c,,,c,,@  ++  @,ctc,,,,,ctc,,@ + @t,@ @t,@ @t,@ @t,@ @t,@    @@
@@  @@@@@@@@@@@ @@@@@@@@ @@@@@@@ @,c,,,c,,,,/++++  @@@@@@@@@@@@@@@@ + @@/@ @@/@ @@/@ @@/@ @@/@    @@
@@                               @ctc,ctc,ct@  ++                   +   +    +    +    +    +     @@
@@      %         @@@@ @@@@ @@@@ @,c,,,c,,,c@  ++% @@@@ @@@@ @@@@  ++++++++++++++++++++++++++     @@
@@  %      %      @,,@ @,,@ @,,@ @@@@@@@@@@@@  ++  @,,@ @,,@ @,,@  ++   +    +    +    +    +     @@
@@                @,,@ @,,@ @,,@               ++  @,,@ @,,@ @,,@  ++ @@/@ @@/@ @@/@ @@/@ @@/@    @@
@@      %         @,,@ @,,@ @,,@  @@@@@@@@@@@  ++  @,,@ @,,@ @,,@  ++ @c,@ @c,@ @c,@ @c,@ @c,@    @@
@@   %        %   @,,@ @,,@ @,,@  @,,,,,,,,,/++++  @,,@ @,,@ @,,@  ++ @t,@ @t,@ @t,@ @t,@ @t,@    @@
@@        %       @,,@ @,,@ @,,@  @,,,,,,,,,@  ++% @,,@ @,,@ @,,@  ++ @b,@ @b,@ @b,@ @b,@ @b,@    @@
@@                @/@@ @@/@ @/@@  @@@@@@@@@@@  ++  @@/@ @@/@ @@/@  ++ @@@@ @@@@ @@@@ @@@@ @@@@    @@
@@                                             ++++++++++++++++++++++                             @@
@@~~~~~~~~~~~~~~~~~~~~~~~~~~~~~~~s|s~s|s~s|s~s|s~s|s~s|s~s|s~s|s~s|s~~~~~~~~~~~~~~~~~~~~~~~~~~~~~~@@
@@~~~~~~~~~~~~~~~~~~~~~~~~~~~~~~~~|~~s|s~s|s~s|s~s|s~s|s~s|s~s|s~~|~~~~~~~~~~~~~~~~~~~~~~~~~~~~~~~@@
@@~~~~~~~~~~~~~~~~~~~~~~~~~~~~~~~~|~~~|~~s|s~s|s~s|s~s|s~s|s~~|~~~|~~~~~~~~~~~~~~~~~~~~~~~~~~~~~~~@@
@@~~~~~~~~~~~~~~~~~~~~~~~~~~~~~~~~~~~~~~~~~~~~~~~~~~~~~~~~~~~~~~~~~~~~~~~~~~~~~~~~~~~~~~~~~~~~~~~~@@
~~~~~~~~~~~~~~~~~~~~~~~~~~~~~~~~~~~~~~~~~~~~~~~~~~~~~~~~~~~~~~~~~~~~~~~~~~~~~~~~~~~~~~~~~~~~~~~~~~~~
~~~~~~~~~~~~~~~~~~~~~~~~~~~~~~~~~~~~~~~~~~~~~~~~~~~~~~~~~~~~~~~~~~~~~~~~~~~~~~~~~~~~~~~~~~~~~~~~~~~~
