                                                                                                   .
                                                                                                   .
                                                                                                   .
                                                                                                   .
                                                                                                   .
                                                                                                   .
                                    @@@@@@@@@                                                      .
        @@@@@@         @@@@@@@      @,,,tc,,@                                                      .
        @,tc,@         @b,,,b@      /,,,,,,,@                                                      .
        @,,,,/         @,,,,,@      @,,,,,,b@      @@@@@                                           .
        @b,,,@         @,ctc,@      @@@@@@@@@      @b,,@                                           .
        @@@@@@         @,,,,,@                     @,,,@                                           .
                       @@@/@@@                     @,tc@                                           .
                                                   @,,,@                                           .
                                                   @,,,@                                           .
                                        @@/@@@     @@/@@                                           .
                          @@@@@@@@@     @,,,,@                @@@@/@@@                             .
             @@@@@        @,,,,,,,@     @,,c,@                @b,,,c,@                             .
             @b,,@        /,,tc,,b@     @,ct,@                @,,,,t,@                             .
             @,,,@        @,,,,,,,@     @,,,,@                @b,,,c,@                             .
             @,tc@        @@@@@@@@@     @b,,b@                @@@@@@@@                             .
             @,,,@                      @@@@@@       @@@@@@@                                       .
             @,,,@                                   @,,,,,@                                       .
             @@/@@                                   @b,,tc@                                       .
                                                     @,,,,,@                                       .
                       @@@/@@@                       @@@/@@@    @@@/@@@                            .
                       @,,,,,@              @@@@@@              @,,,,,@                            .
                       @,,tc,@              @b,,,@              @,,c,,@                            .
                       @b,,,,@              @,,tc@              @,ctc,@                            .
                       @@@@@@@              @,,,,@              @,,c,,@                            .
         @@@@@@@@                           @,,,,@    @@@@@@@   @,,,,b@                            .
         @,,,,,,@                   @@@@@   @@/@@@    @,tc,,@   @,,,,,@                            .
         @,,,,,,@                   @b,,@             /,,,,,@   @b,b,b@                            .
         @,,,,,,/                   @,,c@             @,,,,b@   @@@@@@@                            .
         @,,,,,,@                   @,,t@             @@@@@@@                                      .
         @@@@@@@@        @@@@@@     @,,,@                                                          .
                         @,ct,@     @@/@@                                                          .
                         @,,,,/                                 @@@@@@@                            .
                         @b,,,@                                 @,ctc,@                            .
                         @@@@@@               @@@@@@@           @,,,,,@                            .
                                              @,,M,,@           @,,,,,@                            .
               @@/@@                          @,,,,,@           @b,,,b@                            .
               @,,,@                          @,,,,,@           @@@/@@@                            .
      @@@@@    @,,t@                          @,,,,,@                                              .
      @b,,@    @,,c@                          @,,,,,@                                              .
      @,,,@    @b,,@                          @@@/@@@                                              .
      @,,c@    @@@@@                  @@@@@@@         @@@@@@@                                      .
      @,,t@                 @@@@@@    @,,B,,@         @,,C,,@                                      .
      @,,,@                 @b,,b@    @,,,,,@   ~~~   @,,,,,@                                      .
      @@/@@                 @,,,,@    @,,,,,/   ~~~   /,,,,,@     @@@@@@@                          .
                            @ct,,@    @,,,,,@   ~~~   @,,,,,@     @,,,,b@                          .
                            @,c,,@    @,,,,,@         @,,,,,@     /,,,,,@                          .
                            @@@/@@    @@@@@@@         @@@@@@@     @,tc,,@                          .
                @@@@@@@                                           @@@@@@@                          .
                @b,b,b@                       @@@/@@@                                              .
  @@@@@@@@      @,,,,,@                       @,J,ct@                                              .
  @b,,,,,@      @,,c,,/                       @,,,,,@                                              .
  @,,,,,,/      @,ctc,@                       @,c,,c@                                              .
  @,,ct,,@      @@@@@@@                       @ctc,t@     @@@@@@@@                                 .
  @@@@@@@@                      @@@@@@        @,c,,c@     @,,,tc,@                                 .
                                @,,ct@        @@@@@@@     @,,,,,,/                                 .
                                /,,,,@                    @b,,,,,@                                 .
                                @,,,b@                    @@@@@@@@                                 .
                                @@@@@@                                                             .
            @@@/@@@                                                                                .
            @,,,,,@    @@@@@@                                       @@@@@@@                        .
            @,ctc,@    @c,,b@                                       @,,tc,@                        .
    @@@/@@@ @,,,,,@    @t,,,@           @@@@@@@@@@      @@@@/@@     @,,,,,/                        .
    @,,,,,@ @b,,,b@    @,,,,@           @,,ctc,,b@      @,,,,,@     @b,,,,@                        .
    @,,,ct@ @@@@@@@    @@/@@@           /,,,,,,,,@      @,ctc,@     @@@@@@@                        .
    @b,,,,@                             @,,,,,,,b@      @,,,,,@                                    .
    @@@@@@@                             @@@@@@@@@@      @b,,,b@                                    .
                                                        @@@@@@@                                    .
                                                                                                   .
                                                                    @@@@@                          .
                             @@@/@@@                                @b,,@                          .
                             @,,,,,@      @@@@@@@                   @,,c@                          .
             @@@@@@@@        @b,,,c@      @b,b,b@                   @,,t@                          .
             @,,,,,,@        @,,,,t@      @,,,,,@    @@@@@@@@@      @,,,@                          .
             @,,,,,,/        @b,,,c@      @,,,,c@    @,,tc,,,@      @@/@@                          .
             @,,,,,,@        @@@@@@@      @,,,ct@    /,,,,,,,@                                     .
             @@@@@@@@                     @,,,,c@    @,,,,,,b@                                     .
    @@@@@@@                               @@@/@@@    @@@@@@@@@                                     .
    @,,ct,@                                                                                        .
    /,,,,,@                                                                                        .
    @,,,,b@               @@@@@@@      @@@@@@@@                                                    .
    @@@@@@@   @@/@@       @b,,,,@      @,ctc,b@                                                    .
              @,,,@       @,,,,,@      @,,,,,,@                   @@@@@@@                          .
              @t,,@       @,ct,,/      /,,,,,,@                   @,,,,,@                          .
              @c,,@       @,,,,,@      @,,,,,b@    @@@/@@@        @,,,,,/                          .
              @,,,@       @@@@@@@      @@@@@@@@    @,,,,,@        @,,,,,@                          .
              @,b,@                                @,,,tc@        @@@@@@@                          .
              @@@@@                                @b,,,,@                                         .
    @@@@@@@@            @@@@/@@@@@                 @@@@@@@                                         .
    @,,ct,,@            @,,,,,,,,@                                                                 .
    @,,,,,,/            @b,,ctc,b@                                                                 .
    @b,,,,,@            @@@@@@@@@@                                                                 .
    @@@@@@@@                                                                                       .
                                                                                                   .
                                                                                                   .
